apiVersion: rbac.authorization.k8s.io/v1
kind: ClusterRole
metadata:
  annotations: {}
  labels:
    rbac.authorization.k8s.io/aggregate-to-admin: 'true'
    rbac.authorization.k8s.io/aggregate-to-edit: 'true'
    rbac.authorization.k8s.io/aggregate-to-view: 'true'
  name: appcat:browse
rules:
  - apiGroups:
      - apiextensions.crossplane.io
    resources:
      - compositions
      - compositionrevisions
      - compositeresourcedefinitions
    verbs:
      - get
      - list
      - watch
