apiVersion: rbac.authorization.k8s.io/v1
kind: ClusterRoleBinding
metadata:
  annotations: {}
  labels:
    name: crossplane-rbac-manager-finalizer
  name: crossplane-rbac-manager:finalizer
roleRef:
  apiGroup: rbac.authorization.k8s.io
  kind: ClusterRole
  name: crossplane-rbac-manager:finalizer
subjects:
  - kind: ServiceAccount
    name: rbac-manager
    namespace: syn-crossplane
