apiVersion: v1
kind: Service
metadata:
  annotations: {}
  labels:
    app.kubernetes.io/managed-by: syn
    app.kubernetes.io/name: crossplane
    name: crossplane-metrics
  name: crossplane-metrics
  namespace: syn-crossplane
spec:
  ports:
    - name: metrics
      port: 8080
  selector:
    release: crossplane
  type: ClusterIP
---
apiVersion: monitoring.coreos.com/v1
kind: ServiceMonitor
metadata:
  annotations: {}
  labels:
    app.kubernetes.io/managed-by: syn
    app.kubernetes.io/name: crossplane
    name: crossplane
  name: crossplane
  namespace: syn-crossplane
spec:
  endpoints:
    - path: /metrics
      port: metrics
  selector:
    matchLabels:
      app.kubernetes.io/managed-by: syn
      app.kubernetes.io/name: crossplane
---
apiVersion: monitoring.coreos.com/v1
kind: PrometheusRule
metadata:
  annotations: {}
  labels:
    app.kubernetes.io/managed-by: syn
    app.kubernetes.io/name: crossplane
    name: crossplane
    prometheus: platform
    role: alert-rules
  name: crossplane
  namespace: syn-crossplane
spec:
  groups:
    - name: crossplane.rules
      rules:
        - alert: CrossplaneDown
          annotations:
            description: Crossplane pod {{ $labels.pod }} in namespace {{ $labels.namespace
              }} is down
            summary: Crossplane controller is down
          expr: up{namespace="syn-crossplane", job=~"^crossplane-.+$"} != 1
          for: 10m
          labels:
            severity: critical
            syn: 'true'
