apiVersion: v1
kind: ServiceAccount
metadata:
  labels:
    app: crossplane
    app.kubernetes.io/component: cloud-infrastructure-controller
    app.kubernetes.io/instance: crossplane
    app.kubernetes.io/managed-by: Helm
    app.kubernetes.io/name: crossplane
    app.kubernetes.io/part-of: crossplane
    app.kubernetes.io/version: 1.12.2
    helm.sh/chart: crossplane-1.12.2
  name: rbac-manager
  namespace: syn-crossplane
