apiVersion: v1
kind: Secret
metadata:
  name: webhook-tls-secret
  namespace: syn-crossplane
type: Opaque
