apiVersion: v1
kind: Service
metadata:
  labels:
    app: crossplane
    app.kubernetes.io/component: cloud-infrastructure-controller
    app.kubernetes.io/instance: crossplane
    app.kubernetes.io/managed-by: Helm
    app.kubernetes.io/name: crossplane
    app.kubernetes.io/part-of: crossplane
    app.kubernetes.io/version: 1.12.2
    helm.sh/chart: crossplane-1.12.2
    release: crossplane
  name: crossplane-webhooks
  namespace: syn-crossplane
spec:
  ports:
    - port: 9443
      protocol: TCP
      targetPort: 9443
  selector:
    app: crossplane
    release: crossplane
