apiVersion: monitoring.coreos.com/v1
kind: ServiceMonitor
metadata:
  labels:
    control-plane: controller-manager
  name: appcat-sliexporter-controller-manager-metrics-monitor
  namespace: appcat-slos
spec:
  endpoints:
  - bearerTokenFile: /var/run/secrets/kubernetes.io/serviceaccount/token
    honorLabels: true
    path: /metrics
    port: https
    scheme: https
    tlsConfig:
      insecureSkipVerify: true
  selector:
    matchLabels:
      control-plane: controller-manager
