apiVersion: rbac.authorization.k8s.io/v1
kind: ClusterRoleBinding
metadata:
  name: appcat-sliexporter-proxy-rolebinding
roleRef:
  apiGroup: rbac.authorization.k8s.io
  kind: ClusterRole
  name: appcat-sliexporter-proxy-role
subjects:
- kind: ServiceAccount
  name: appcat-sliexporter-controller-manager
  namespace: appcat-slos
