apiVersion: v1
kind: ServiceAccount
metadata:
  name: appcat-sliexporter-controller-manager
  namespace: appcat-slos
